2020-01-06 17:52:12;INFO;210.0;29.9;0;host:spd-pub-rm-01-01.fastwebnet.it
2020-01-06 18:06:55;INFO;211.5;29.8;0;host:spd-pub-rm-01-01.fastwebnet.it
2020-01-06 18:07:18;INFO;211.4;30.0;0;host:spd-pub-rm-01-01.fastwebnet.it
2020-01-06 18:07:42;INFO;211.2;29.8;0;host:spd-pub-rm-01-01.fastwebnet.it
2020-01-06 18:08:05;INFO;211.0;29.9;0;host:spd-pub-rm-01-01.fastwebnet.it
2020-01-06 18:08:29;INFO;211.4;29.8;0;host:spd-pub-rm-01-01.fastwebnet.it
2020-01-06 18:08:55;INFO;211.2;29.4;0;host:spd-pub-rm-01-01.fastwebnet.it
2020-01-06 18:09:18;INFO;210.5;28.9;0;host:spd-pub-rm-01-01.fastwebnet.it
2020-01-06 18:09:45;INFO;211.5;29.1;0;host:spd-pub-rm-01-01.fastwebnet.it
2020-01-06 18:10:08;INFO;211.3;29.1;0;host:spd-pub-rm-01-01.fastwebnet.it
2020-01-06 18:10:33;INFO;211.5;29.2;0;host:spd-pub-rm-01-01.fastwebnet.it
2020-01-06 18:11:02;INFO;211.1;29.1;0;host:spd-pub-rm-01-01.fastwebnet.it
2020-01-06 18:11:37;WARNING;204.0;29.3;0;host:sp1.alternatyvanet.it
2020-01-06 18:12:08;INFO;211.2;29.5;0;host:spd-pub-rm-01-01.fastwebnet.it
2020-01-06 18:12:31;INFO;211.0;29.0;0;host:spd-pub-rm-01-01.fastwebnet.it
2020-01-06 18:13:01;WARNING;206.3;29.4;0;host:spd-pub-rm-01-01.fastwebnet.it
2020-01-06 18:13:24;WARNING;207.3;29.3;0;host:spd-pub-rm-01-01.fastwebnet.it
2020-01-06 18:13:47;WARNING;211.3;28.0;0;host:spd-pub-rm-01-01.fastwebnet.it
2020-01-06 18:14:11;WARNING;208.1;29.1;0;host:spd-pub-rm-01-01.fastwebnet.it
2020-01-06 18:14:39;WARNING;209.9;28.1;0;host:spd-pub-rm-01-01.fastwebnet.it
2020-01-06 18:15:07;WARNING;209.2;29.1;0;host:spd-pub-rm-01-01.fastwebnet.it
2020-01-06 18:15:36;WARNING;204.4;29.3;0;host:spd-pub-rm-01-01.fastwebnet.it
2020-01-06 18:16:00;WARNING;205.5;29.2;0;host:spd-pub-rm-01-01.fastwebnet.it
2020-01-06 18:16:24;WARNING;208.9;29.4;0;host:spd-pub-rm-01-01.fastwebnet.it
2020-01-06 18:16:58;WARNING;211.0;29.1;0.6825938566552902;host:spd-pub-rm-01-01.fastwebnet.it
2020-01-06 18:17:25;INFO;211.7;29.4;0;host:spd-pub-rm-01-01.fastwebnet.it
2020-01-06 18:59:52;INFO;211.4;29.9;0;host:spd-pub-rm-01-01.fastwebnet.it
